
> Task :dependencies

------------------------------------------------------------
Root project 'spring-boot-websocket-aws'
------------------------------------------------------------

compileClasspath - Compile classpath for source set 'main'.
+--- org.springframework.boot:spring-boot-starter-actuator -> 4.0.2
|    +--- org.springframework.boot:spring-boot-starter:4.0.2
|    |    +--- org.springframework.boot:spring-boot-starter-logging:4.0.2
|    |    |    +--- ch.qos.logback:logback-classic:1.5.25
|    |    |    |    +--- ch.qos.logback:logback-core:1.5.25
|    |    |    |    \--- org.slf4j:slf4j-api:2.0.17
|    |    |    +--- org.apache.logging.log4j:log4j-to-slf4j:2.25.3
|    |    |    |    +--- org.apache.logging.log4j:log4j-api:2.25.3
|    |    |    |    |    +--- org.jspecify:jspecify:1.0.0
|    |    |    |    |    +--- biz.aQute.bnd:biz.aQute.bnd.annotation:7.1.0
|    |    |    |    |    |    +--- org.osgi:org.osgi.resource:1.0.0
|    |    |    |    |    |    \--- org.osgi:org.osgi.service.serviceloader:1.0.0
|    |    |    |    |    +--- com.google.errorprone:error_prone_annotations:2.38.0
|    |    |    |    |    +--- org.osgi:org.osgi.annotation.bundle:2.0.0
|    |    |    |    |    |    \--- org.osgi:org.osgi.annotation.versioning:1.1.2
|    |    |    |    |    \--- org.osgi:org.osgi.annotation.versioning:1.1.2
|    |    |    |    +--- org.slf4j:slf4j-api:2.0.17
|    |    |    |    +--- org.jspecify:jspecify:1.0.0
|    |    |    |    +--- biz.aQute.bnd:biz.aQute.bnd.annotation:7.1.0 (*)
|    |    |    |    +--- com.google.errorprone:error_prone_annotations:2.38.0
|    |    |    |    +--- org.osgi:org.osgi.annotation.bundle:2.0.0 (*)
|    |    |    |    \--- org.osgi:org.osgi.annotation.versioning:1.1.2
|    |    |    \--- org.slf4j:jul-to-slf4j:2.0.17
|    |    |         \--- org.slf4j:slf4j-api:2.0.17
|    |    +--- org.springframework.boot:spring-boot-autoconfigure:4.0.2
|    |    |    \--- org.springframework.boot:spring-boot:4.0.2
|    |    |         +--- org.springframework:spring-core:7.0.3
|    |    |         |    +--- commons-logging:commons-logging:1.3.5
|    |    |         |    \--- org.jspecify:jspecify:1.0.0
|    |    |         \--- org.springframework:spring-context:7.0.3
|    |    |              +--- org.springframework:spring-aop:7.0.3
|    |    |              |    +--- org.springframework:spring-beans:7.0.3
|    |    |              |    |    \--- org.springframework:spring-core:7.0.3 (*)
|    |    |              |    \--- org.springframework:spring-core:7.0.3 (*)
|    |    |              +--- org.springframework:spring-beans:7.0.3 (*)
|    |    |              +--- org.springframework:spring-core:7.0.3 (*)
|    |    |              +--- org.springframework:spring-expression:7.0.3
|    |    |              |    \--- org.springframework:spring-core:7.0.3 (*)
|    |    |              \--- io.micrometer:micrometer-observation:1.16.2
|    |    |                   +--- org.jspecify:jspecify:1.0.0
|    |    |                   \--- io.micrometer:micrometer-commons:1.16.2
|    |    |                        \--- org.jspecify:jspecify:1.0.0
|    |    +--- jakarta.annotation:jakarta.annotation-api:3.0.0
|    |    \--- org.yaml:snakeyaml:2.5
|    +--- org.springframework.boot:spring-boot-starter-micrometer-metrics:4.0.2
|    |    +--- org.springframework.boot:spring-boot-starter:4.0.2 (*)
|    |    \--- org.springframework.boot:spring-boot-micrometer-metrics:4.0.2
|    |         +--- org.springframework.boot:spring-boot:4.0.2 (*)
|    |         +--- org.springframework.boot:spring-boot-micrometer-observation:4.0.2
|    |         |    +--- org.springframework.boot:spring-boot:4.0.2 (*)
|    |         |    \--- io.micrometer:micrometer-observation:1.16.2 (*)
|    |         \--- io.micrometer:micrometer-core:1.16.2
|    |              +--- org.jspecify:jspecify:1.0.0
|    |              +--- io.micrometer:micrometer-commons:1.16.2 (*)
|    |              \--- io.micrometer:micrometer-observation:1.16.2 (*)
|    +--- org.springframework.boot:spring-boot-actuator-autoconfigure:4.0.2
|    |    +--- org.springframework.boot:spring-boot-autoconfigure:4.0.2 (*)
|    |    \--- org.springframework.boot:spring-boot-actuator:4.0.2
|    |         \--- org.springframework.boot:spring-boot:4.0.2 (*)
|    +--- org.springframework.boot:spring-boot-health:4.0.2
|    |    \--- org.springframework.boot:spring-boot:4.0.2 (*)
|    +--- io.micrometer:micrometer-observation:1.16.2 (*)
|    \--- io.micrometer:micrometer-jakarta9:1.16.2
|         +--- org.jspecify:jspecify:1.0.0
|         +--- io.micrometer:micrometer-core:1.16.2 (*)
|         +--- io.micrometer:micrometer-commons:1.16.2 (*)
|         \--- io.micrometer:micrometer-observation:1.16.2 (*)
\--- org.springframework.boot:spring-boot-starter-websocket -> 4.0.2
     +--- org.springframework.boot:spring-boot-starter:4.0.2 (*)
     +--- org.springframework.boot:spring-boot-starter-webmvc:4.0.2
     |    +--- org.springframework.boot:spring-boot-starter:4.0.2 (*)
     |    +--- org.springframework.boot:spring-boot-starter-jackson:4.0.2
     |    |    +--- org.springframework.boot:spring-boot-starter:4.0.2 (*)
     |    |    \--- org.springframework.boot:spring-boot-jackson:4.0.2
     |    |         +--- org.springframework.boot:spring-boot:4.0.2 (*)
     |    |         \--- tools.jackson.core:jackson-databind:3.0.4
     |    |              +--- com.fasterxml.jackson.core:jackson-annotations:2.20
     |    |              +--- tools.jackson.core:jackson-core:3.0.4
     |    |              |    \--- tools.jackson:jackson-bom:3.0.4
     |    |              |         +--- com.fasterxml.jackson.core:jackson-annotations:2.20 (c)
     |    |              |         +--- tools.jackson.core:jackson-core:3.0.4 (c)
     |    |              |         \--- tools.jackson.core:jackson-databind:3.0.4 (c)
     |    |              \--- tools.jackson:jackson-bom:3.0.4 (*)
     |    +--- org.springframework.boot:spring-boot-starter-tomcat:4.0.2
     |    |    +--- org.springframework.boot:spring-boot-starter:4.0.2 (*)
     |    |    +--- org.springframework.boot:spring-boot-starter-tomcat-runtime:4.0.2
     |    |    |    +--- org.springframework.boot:spring-boot-tomcat:4.0.2
     |    |    |    |    +--- org.springframework.boot:spring-boot-web-server:4.0.2
     |    |    |    |    |    +--- org.springframework.boot:spring-boot:4.0.2 (*)
     |    |    |    |    |    \--- org.springframework:spring-web:7.0.3
     |    |    |    |    |         +--- org.springframework:spring-beans:7.0.3 (*)
     |    |    |    |    |         +--- org.springframework:spring-core:7.0.3 (*)
     |    |    |    |    |         \--- io.micrometer:micrometer-observation:1.16.2 (*)
     |    |    |    |    \--- org.apache.tomcat.embed:tomcat-embed-core:11.0.15
     |    |    |    +--- org.springframework.boot:spring-boot-web-server:4.0.2 (*)
     |    |    |    +--- jakarta.annotation:jakarta.annotation-api:3.0.0
     |    |    |    +--- org.apache.tomcat.embed:tomcat-embed-core:11.0.15
     |    |    |    +--- org.apache.tomcat.embed:tomcat-embed-el:11.0.15
     |    |    |    \--- org.apache.tomcat.embed:tomcat-embed-websocket:11.0.15
     |    |    |         \--- org.apache.tomcat.embed:tomcat-embed-core:11.0.15
     |    |    \--- org.springframework.boot:spring-boot-tomcat:4.0.2 (*)
     |    +--- org.springframework.boot:spring-boot-http-converter:4.0.2
     |    |    +--- org.springframework.boot:spring-boot:4.0.2 (*)
     |    |    \--- org.springframework:spring-web:7.0.3 (*)
     |    \--- org.springframework.boot:spring-boot-webmvc:4.0.2
     |         +--- org.springframework.boot:spring-boot-servlet:4.0.2
     |         |    +--- org.springframework.boot:spring-boot:4.0.2 (*)
     |         |    \--- org.springframework:spring-web:7.0.3 (*)
     |         +--- org.springframework:spring-web:7.0.3 (*)
     |         \--- org.springframework:spring-webmvc:7.0.3
     |              +--- org.springframework:spring-aop:7.0.3 (*)
     |              +--- org.springframework:spring-beans:7.0.3 (*)
     |              +--- org.springframework:spring-context:7.0.3 (*)
     |              +--- org.springframework:spring-core:7.0.3 (*)
     |              +--- org.springframework:spring-expression:7.0.3 (*)
     |              \--- org.springframework:spring-web:7.0.3 (*)
     \--- org.springframework.boot:spring-boot-websocket:4.0.2
          +--- org.springframework.boot:spring-boot:4.0.2 (*)
          +--- org.springframework:spring-messaging:7.0.3
          |    +--- org.springframework:spring-beans:7.0.3 (*)
          |    \--- org.springframework:spring-core:7.0.3 (*)
          \--- org.springframework:spring-websocket:7.0.3
               +--- org.springframework:spring-context:7.0.3 (*)
               +--- org.springframework:spring-core:7.0.3 (*)
               \--- org.springframework:spring-web:7.0.3 (*)

(c) - A dependency constraint, not a dependency. The dependency affected by the constraint occurs elsewhere in the tree.
(*) - Indicates repeated occurrences of a transitive dependency subtree. Gradle expands transitive dependency subtrees only once per project; repeat occurrences only display the root of the subtree, followed by this annotation.

A web-based, searchable dependency report is available by adding the --scan option.

[Incubating] Problems report is available at: file:///Users/fabian/github/spring-boot-websocket-aws/build/reports/problems/problems-report.html

Deprecated Gradle features were used in this build, making it incompatible with Gradle 10.

You can use '--warning-mode all' to show the individual deprecation warnings and determine if they come from your own scripts or plugins.

For more on this, please refer to https://docs.gradle.org/9.3.0/userguide/command_line_interface.html#sec:command_line_warnings in the Gradle documentation.

BUILD SUCCESSFUL in 698ms
1 actionable task: 1 executed
Consider enabling configuration cache to speed up this build: https://docs.gradle.org/9.3.0/userguide/configuration_cache_enabling.html
